[
  {
    "id": "AUDIT-mul3bki1-8252r6",
    "timestamp": "28/09/2026, 17.14.08",
    "nik": "SYSTEM",
    "nama": "Credential Vault",
    "action": "STORE_PORTAL_CREDENTIALS",
    "old_value": "-",
    "new_value": "Portal: EDABU | Username: bpjs_demo_corp",
    "status": "SUCCESS",
    "source": "CREDENTIAL_VAULT",
    "user_or_system": "INITIAL_SYSTEM_BOOTSTRAP"
  },
  {
    "id": "AUDIT-mul3bkjj-8ib5ep",
    "timestamp": "28/09/2026, 17.14.08",
    "nik": "SYSTEM",
    "nama": "Credential Vault",
    "action": "STORE_PORTAL_CREDENTIALS",
    "old_value": "-",
    "new_value": "Portal: SIPP | Username: sipp_corp_admin",
    "status": "SUCCESS",
    "source": "CREDENTIAL_VAULT",
    "user_or_system": "INITIAL_SYSTEM_BOOTSTRAP"
  },
  {
    "id": "AUDIT-mul3bxhl-qtv5k3",
    "timestamp": "28/09/2026, 17.14.25",
    "nik": "SYSTEM",
    "nama": "BPJS Sync Engine",
    "action": "DATA_VALIDATION_COMPLETED",
    "old_value": "Period: 2026-09",
    "new_value": "Total: 7 (Valid: 7, Invalid: 0)",
    "status": "SUCCESS",
    "source": "SYNC_ENGINE",
    "user_or_system": "AUTONOMOUS_SCHEDULER"
  },
  {
    "id": "AUDIT-mul3bxj5-9il3it",
    "timestamp": "28/09/2026, 17.14.25",
    "nik": "SYSTEM",
    "nama": "Credential Vault",
    "action": "RETRIEVE_PORTAL_CREDENTIALS",
    "old_value": "-",
    "new_value": "Portal: EDABU | Username: bpjs_demo_corp",
    "status": "SUCCESS",
    "source": "CREDENTIAL_VAULT",
    "user_or_system": "BPJS_AGENT"
  },
  {
    "id": "AUDIT-mul3bxj6-iirsfs",
    "timestamp": "28/09/2026, 17.14.25",
    "nik": "SYSTEM",
    "nama": "Session Manager",
    "action": "LOGIN_SUCCESS",
    "old_value": "-",
    "new_value": "Portal: EDABU | Username: bpjs_demo_corp | SessionID: mul3bxj5-8uhbqff1bcs",
    "status": "ACTIVE",
    "source": "SESSION_MANAGER",
    "user_or_system": "BPJS_AGENT"
  },
  {
    "id": "AUDIT-mul3bxj6-n0f0y1",
    "timestamp": "28/09/2026, 17.14.25",
    "nik": "SYSTEM",
    "nama": "BPJS Portal Agent",
    "action": "LOGIN_EDABU_SUCCESS",
    "old_value": "-",
    "new_value": "Session: mul3bxj5-8uhbqff1bcs",
    "status": "ACTIVE",
    "source": "BPJS_AGENT",
    "user_or_system": "BPJS_AGENT"
  },
  {
    "id": "AUDIT-mul3bxkq-g40gpy",
    "timestamp": "28/09/2026, 17.14.25",
    "nik": "SYSTEM",
    "nama": "Credential Vault",
    "action": "RETRIEVE_PORTAL_CREDENTIALS",
    "old_value": "-",
    "new_value": "Portal: SIPP | Username: sipp_corp_admin",
    "status": "SUCCESS",
    "source": "CREDENTIAL_VAULT",
    "user_or_system": "BPJS_AGENT"
  },
  {
    "id": "AUDIT-mul3bxkr-83dhr6",
    "timestamp": "28/09/2026, 17.14.25",
    "nik": "SYSTEM",
    "nama": "Session Manager",
    "action": "LOGIN_SUCCESS",
    "old_value": "-",
    "new_value": "Portal: SIPP | Username: sipp_corp_admin | SessionID: mul3bxkq-g70g1dleee",
    "status": "ACTIVE",
    "source": "SESSION_MANAGER",
    "user_or_system": "BPJS_AGENT"
  },
  {
    "id": "AUDIT-mul3bxks-atp7n3",
    "timestamp": "28/09/2026, 17.14.25",
    "nik": "SYSTEM",
    "nama": "BPJS Portal Agent",
    "action": "UPLOAD_EDABU",
    "old_value": "-",
    "new_value": "Uploaded: 2",
    "status": "SUCCESS",
    "source": "BPJS_AGENT",
    "user_or_system": "BPJS_AGENT"
  },
  {
    "id": "AUDIT-mul3bxkv-6wscyn",
    "timestamp": "28/09/2026, 17.14.25",
    "nik": "SYSTEM",
    "nama": "BPJS Portal Agent",
    "action": "DEACTIVATE_SIPP",
    "old_value": "Target NIKs: 3273056003980004",
    "new_value": "Deactivated: 1",
    "status": "SUCCESS",
    "source": "BPJS_AGENT",
    "user_or_system": "BPJS_AGENT"
  },
  {
    "id": "AUDIT-mul3bxkv-kivyuk",
    "timestamp": "28/09/2026, 17.14.25",
    "nik": "SYSTEM",
    "nama": "Session Manager",
    "action": "LOGOUT",
    "old_value": "ACTIVE",
    "new_value": "INVALID",
    "status": "SUCCESS",
    "source": "SESSION_MANAGER",
    "error_message": "User logout from EDABU",
    "user_or_system": "BPJS_AGENT"
  },
  {
    "id": "AUDIT-mul3bxkv-0oka8e",
    "timestamp": "28/09/2026, 17.14.25",
    "nik": "SYSTEM",
    "nama": "Session Manager",
    "action": "LOGOUT",
    "old_value": "ACTIVE",
    "new_value": "INVALID",
    "status": "SUCCESS",
    "source": "SESSION_MANAGER",
    "error_message": "User logout from SIPP",
    "user_or_system": "BPJS_AGENT"
  }
]